import os // L1
from typing import Optional // L2
def greet(name: str) -> str: // L4
def add(a: int, b: int) -> int: // L7
MAX_SIZE = 1024 // L10
class Config: // L12
    default_name = "untitled"
    def __init__(self, name: str, value: int = 0): // L15
    def get_name(self) -> str: // L19
    def create(name: str) -> "Config": // L23
def decorated(x: int) -> int: // L27
