require "json" // L1
require_relative "helper" // L2
module Animals // L4
  class Dog // L5
    def bark // L6
    def self.species // L10
  end // L19
end // L20
class Config // L22
  def initialize(name, value = 0) // L23
  def get_name // L28
end // L31
def greet(name) // L33
MAX_SIZE = 1024 // L37
